// Jest Snapshot v1, https://goo.gl/fbAQLP

exports[`<Header /> renders correctly 1`] = `
<Header>
  <header
    className="page-header"
  >
    <div
      className="content-container header-content-container"
    >
      <div>
        Header content 1
      </div>
      <div>
        Header content 2
      </div>
    </div>
  </header>
</Header>
`;
